2026-09-24T01:25:21Z cozo-bench mem real:continuum-strict exit=0 secs=30
2026-09-24T01:26:02Z cozo-bench sqlite real:continuum-strict exit=0 secs=41
2026-09-24T01:26:39Z cozo-bench newrocksdb real:continuum-strict exit=0 secs=37
2026-09-24T01:27:32Z lbug-bench disk real:continuum-strict exit=0 secs=53
2026-09-24T01:28:24Z lbug-bench mem real:continuum-strict exit=0 secs=52
2026-09-24T01:28:35Z diy-bench redb real:continuum-strict exit=0 secs=11
2026-09-24T01:29:12Z cozo-bench mem real:sensemesh-strict exit=0 secs=37
2026-09-24T01:29:58Z cozo-bench sqlite real:sensemesh-strict exit=0 secs=46
2026-09-24T01:30:39Z cozo-bench newrocksdb real:sensemesh-strict exit=0 secs=41
2026-09-24T01:31:48Z lbug-bench disk real:sensemesh-strict exit=0 secs=69
2026-09-24T01:32:56Z lbug-bench mem real:sensemesh-strict exit=0 secs=68
2026-09-24T01:33:11Z diy-bench redb real:sensemesh-strict exit=0 secs=15
2026-09-24T01:33:42Z cozo-bench mem real:continuum-permissive exit=0 secs=31
2026-09-24T01:34:20Z cozo-bench sqlite real:continuum-permissive exit=0 secs=38
2026-09-24T01:34:55Z cozo-bench newrocksdb real:continuum-permissive exit=0 secs=35
2026-09-24T01:35:48Z lbug-bench disk real:continuum-permissive exit=0 secs=53
2026-09-24T01:36:41Z lbug-bench mem real:continuum-permissive exit=0 secs=53
2026-09-24T01:36:52Z diy-bench redb real:continuum-permissive exit=0 secs=11
2026-09-24T01:37:36Z cozo-bench mem real:sensemesh-permissive exit=0 secs=44
2026-09-24T01:38:27Z cozo-bench sqlite real:sensemesh-permissive exit=0 secs=51
2026-09-24T01:39:13Z cozo-bench newrocksdb real:sensemesh-permissive exit=0 secs=46
2026-09-24T01:40:22Z lbug-bench disk real:sensemesh-permissive exit=0 secs=69
2026-09-24T01:41:29Z lbug-bench mem real:sensemesh-permissive exit=0 secs=67
2026-09-24T01:41:44Z diy-bench redb real:sensemesh-permissive exit=0 secs=15
2026-09-24T01:42:34Z cozo-bench mem small exit=0 secs=50
2026-09-24T01:43:33Z cozo-bench sqlite small exit=0 secs=59
2026-09-24T01:44:29Z cozo-bench newrocksdb small exit=0 secs=56
2026-09-24T01:45:47Z lbug-bench disk small exit=0 secs=78
2026-09-24T01:47:04Z lbug-bench mem small exit=0 secs=77
2026-09-24T01:47:15Z diy-bench redb small exit=0 secs=11
2026-09-24T01:49:28Z cozo-bench mem medium exit=0 secs=133
2026-09-24T01:52:16Z cozo-bench sqlite medium exit=0 secs=168
2026-09-24T01:54:35Z cozo-bench newrocksdb medium exit=0 secs=139
2026-09-24T01:56:39Z lbug-bench disk medium exit=139 secs=124
2026-09-24T01:58:42Z lbug-bench mem medium exit=138 secs=123
2026-09-24T01:59:22Z diy-bench redb medium exit=0 secs=40
2026-09-24T02:01:28Z lbug-bench disk medium (LBUG_SKIP_VARLEN=1) exit=0
2026-09-24T02:02:56Z lbug-bench mem medium (LBUG_SKIP_VARLEN=1) exit=0
